Possible file format: Mach-O file (EXECUTE). MC680x0 (subtype 0x01) (/mnt/USERS/onion/DATA_ORIGN/local/ida-pro-9.3/loaders/macho.so)

  bytes   pages size description
--------- ----- ---- --------------------------------------------
  3325952   406 8192 allocating memory for b-tree...
  3325952   406 8192 allocating memory for virtual array...
   262144    32 8192 allocating memory for name pointers...
-----------------------------------------------------------------
  6914048            total memory allocated

Loading file '/mnt/USERS/onion/DATA_ORIGN/Workspace/NeXT_DRIVER/openstep-kernel-remade/03_original/m68k/binaries/mach_kernel' into database...
Detected file format: Mach-O file (EXECUTE). MC680x0 (subtype 0x01)
Loading processor module /mnt/USERS/onion/DATA_ORIGN/local/ida-pro-9.3/procs/mc68k.so for 68K...OK
Assuming __cdecl calling convention by default
Autoanalysis subsystem has been initialized.
Type library 'macosx_sdk14' loaded. Applying types...
Types applied to 0 names.
  0. Creating a new segment  (04000310-040A5D7E) ... ... OK
  1. Creating a new segment  (040A5D7E-040ACE76) ... ... OK
  2. Creating a new segment  (040ACE76-040AD964) ... ... OK
  3. Creating a new segment  (04000000-04000310) ... ... OK
  4. Creating a new segment  (040AD964-040B317C) ... ... OK
  5. Creating a new segment  (040B317C-040B5648) ... ... OK
  6. Creating a new segment  (040B5648-040C9908) ... ... OK
  7. Creating a new segment  (040C9910-040C9914) ... ... OK
IDA does not yet support Mach-O relocation information for this CPU -> OK
OBJC: No objc info found
Marking typical code sequences...
Flushing buffers, please wait...ok
File '/mnt/USERS/onion/DATA_ORIGN/Workspace/NeXT_DRIVER/openstep-kernel-remade/03_original/m68k/binaries/mach_kernel' has been successfully loaded into the database.
Flushing buffers, please wait...ok
Using type parser: legacy
IDA is analysing the input file...
You may start to explore the input file right now.
Propagating type information...
Function argument information has been propagated
The initial autoanalysis has been finished.
{"analysis_complete": true, "architecture": "m68k", "function_count": 3214, "ida_big_endian": true, "ida_bits": 32, "ida_processor": "68K", "image_max_ea": "0x40c9914", "image_min_ea": "0x4000000", "input": "/mnt/USERS/onion/DATA_ORIGN/Workspace/NeXT_DRIVER/openstep-kernel-remade/03_original/m68k/binaries/mach_kernel", "input_sha256": "dff6c51c952add68ce326d861150df799737b9476bad95e51976b36683ba5d75", "macho_cpu_type": 6, "macho_magic_bytes": "FEEDFACE", "schema": 1, "scope": "IDA autoanalysis inventory only; function boundaries, names, and types remain tool hypotheses", "segment_count": 8}
Flushing buffers, please wait...ok
Unloading IDP module /mnt/USERS/onion/DATA_ORIGN/local/ida-pro-9.3/procs/mc68k.so...