
  bytes   pages size description
--------- ----- ---- --------------------------------------------
  2834432   346 8192 allocating memory for b-tree...
  2949120   360 8192 allocating memory for virtual array...
   262144    32 8192 allocating memory for name pointers...
-----------------------------------------------------------------
  6045696            total memory allocated

Loading processor module /mnt/USERS/onion/DATA_ORIGN/local/ida-pro-9.3/procs/mc68k.so for 68K...OK
Loading type libraries...
Autoanalysis subsystem has been initialized.
/home/onion/.idapro/ida.reg: Read-only file system -> OK
Unloading IDP module /mnt/USERS/onion/DATA_ORIGN/local/ida-pro-9.3/procs/mc68k.so...
  bytes   pages size description
--------- ----- ---- --------------------------------------------
  2834432   346 8192 allocating memory for b-tree...
  2949120   360 8192 allocating memory for virtual array...
   262144    32 8192 allocating memory for name pointers...
-----------------------------------------------------------------
  6045696            total memory allocated

Loading processor module /mnt/USERS/onion/DATA_ORIGN/local/ida-pro-9.3/procs/mc68k.so for 68K...OK
Loading type libraries...
Autoanalysis subsystem has been initialized.
Database for file 'mach_kernel' has been loaded.
OBJC: No objc info found
Using type parser: legacy
Traceback (most recent call last):
  File "/mnt/USERS/onion/DATA_ORIGN/Workspace/NeXT_DRIVER/openstep-kernel-remade/10_tools/export_ida_load_units.py", line 192, in <module>
    main()
  File "/mnt/USERS/onion/DATA_ORIGN/Workspace/NeXT_DRIVER/openstep-kernel-remade/10_tools/export_ida_load_units.py", line 153, in main
    rows, counts = export_range(raw, segment, 'zero_fill', backed_end, virtual_end, None)
  File "/mnt/USERS/onion/DATA_ORIGN/Workspace/NeXT_DRIVER/openstep-kernel-remade/10_tools/export_ida_load_units.py", line 92, in export_range
    raise RuntimeError('zero-fill item is not all zero at 0x%x' % address)
RuntimeError: zero-fill item is not all zero at 0x0
Flushing buffers, please wait...ok
Unloading IDP module /mnt/USERS/onion/DATA_ORIGN/local/ida-pro-9.3/procs/mc68k.so...
  bytes   pages size description
--------- ----- ---- --------------------------------------------
  2834432   346 8192 allocating memory for b-tree...
  2949120   360 8192 allocating memory for virtual array...
   262144    32 8192 allocating memory for name pointers...
-----------------------------------------------------------------
  6045696            total memory allocated

Loading processor module /mnt/USERS/onion/DATA_ORIGN/local/ida-pro-9.3/procs/mc68k.so for 68K...OK
Loading type libraries...
Autoanalysis subsystem has been initialized.
Database for file 'mach_kernel' has been loaded.
OBJC: No objc info found
Using type parser: legacy
Traceback (most recent call last):
  File "/mnt/USERS/onion/DATA_ORIGN/Workspace/NeXT_DRIVER/openstep-kernel-remade/10_tools/export_ida_load_units.py", line 205, in <module>
    main()
  File "/mnt/USERS/onion/DATA_ORIGN/Workspace/NeXT_DRIVER/openstep-kernel-remade/10_tools/export_ida_load_units.py", line 166, in main
    rows, counts = export_range(raw, segment, 'zero_fill', backed_end, virtual_end, None)
  File "/mnt/USERS/onion/DATA_ORIGN/Workspace/NeXT_DRIVER/openstep-kernel-remade/10_tools/export_ida_load_units.py", line 92, in export_range
    raise RuntimeError('zero-fill item is not all zero at 0x%x' % address)
RuntimeError: zero-fill item is not all zero at 0x40b317c
Flushing buffers, please wait...ok
Unloading IDP module /mnt/USERS/onion/DATA_ORIGN/local/ida-pro-9.3/procs/mc68k.so...
  bytes   pages size description
--------- ----- ---- --------------------------------------------
  2834432   346 8192 allocating memory for b-tree...
  2949120   360 8192 allocating memory for virtual array...
   262144    32 8192 allocating memory for name pointers...
-----------------------------------------------------------------
  6045696            total memory allocated

Loading processor module /mnt/USERS/onion/DATA_ORIGN/local/ida-pro-9.3/procs/mc68k.so for 68K...OK
Loading type libraries...
Autoanalysis subsystem has been initialized.
Database for file 'mach_kernel' has been loaded.
OBJC: No objc info found
Using type parser: legacy
{"all_checks_passed": true, "architecture": "m68k", "item_count": 312514, "segment_count": 3}
Flushing buffers, please wait...ok
Unloading IDP module /mnt/USERS/onion/DATA_ORIGN/local/ida-pro-9.3/procs/mc68k.so...
  bytes   pages size description
--------- ----- ---- --------------------------------------------
  2834432   346 8192 allocating memory for b-tree...
  2949120   360 8192 allocating memory for virtual array...
   262144    32 8192 allocating memory for name pointers...
-----------------------------------------------------------------
  6045696            total memory allocated

Loading processor module /mnt/USERS/onion/DATA_ORIGN/local/ida-pro-9.3/procs/mc68k.so for 68K...OK
Loading type libraries...
Autoanalysis subsystem has been initialized.
Database for file 'mach_kernel' has been loaded.
OBJC: No objc info found
Using type parser: legacy
{"all_checks_passed": true, "architecture": "m68k", "item_count": 312514, "segment_count": 3}
Flushing buffers, please wait...ok
Unloading IDP module /mnt/USERS/onion/DATA_ORIGN/local/ida-pro-9.3/procs/mc68k.so...