
  bytes   pages size description
--------- ----- ---- --------------------------------------------
  2834432   346 8192 allocating memory for b-tree...
  2949120   360 8192 allocating memory for virtual array...
   262144    32 8192 allocating memory for name pointers...
-----------------------------------------------------------------
  6045696            total memory allocated

Loading processor module /mnt/USERS/onion/DATA_ORIGN/local/ida-pro-9.3/procs/mc68k.so for 68K...OK
Loading type libraries...
Autoanalysis subsystem has been initialized.
Database for file 'mach_kernel' has been loaded.
OBJC: No objc info found
Using type parser: legacy
Traceback (most recent call last):
  File "/mnt/USERS/onion/DATA_ORIGN/Workspace/NeXT_DRIVER/openstep-kernel-remade/10_tools/export_ida_text_units.py", line 108, in <module>
    main()
  File "/mnt/USERS/onion/DATA_ORIGN/Workspace/NeXT_DRIVER/openstep-kernel-remade/10_tools/export_ida_text_units.py", line 66, in main
    text_start, text_size, text_file_offset = text_section(raw)
  File "/mnt/USERS/onion/DATA_ORIGN/Workspace/NeXT_DRIVER/openstep-kernel-remade/10_tools/export_ida_text_units.py", line 38, in text_section
    _, _, _, _, _, _, section_count, _ = struct.unpack_from(">16sIIIIiiII", raw, offset + 8)
ValueError: too many values to unpack (expected 8)
Flushing buffers, please wait...ok
Unloading IDP module /mnt/USERS/onion/DATA_ORIGN/local/ida-pro-9.3/procs/mc68k.so...
  bytes   pages size description
--------- ----- ---- --------------------------------------------
  2834432   346 8192 allocating memory for b-tree...
  2949120   360 8192 allocating memory for virtual array...
   262144    32 8192 allocating memory for name pointers...
-----------------------------------------------------------------
  6045696            total memory allocated

Loading processor module /mnt/USERS/onion/DATA_ORIGN/local/ida-pro-9.3/procs/mc68k.so for 68K...OK
Loading type libraries...
Autoanalysis subsystem has been initialized.
Database for file 'mach_kernel' has been loaded.
OBJC: No objc info found
Using type parser: legacy
{"architecture": "m68k", "category_byte_counts": {"code": 668546, "data": 9958, "unknown": 6}, "ida_big_endian": true, "ida_processor": "68K", "input_sha256": "dff6c51c952add68ce326d861150df799737b9476bad95e51976b36683ba5d75", "macho_cpu_type": 6, "macho_magic_bytes": "FEEDFACE", "schema": 1, "scope": "complete sequential IDA item inventory of original __text; kind labels remain IDA hypotheses", "text_file_offset": 784, "text_size": 678510, "text_start": "0x4000310", "unit_count": 199681}
Flushing buffers, please wait...ok
Unloading IDP module /mnt/USERS/onion/DATA_ORIGN/local/ida-pro-9.3/procs/mc68k.so...