
  bytes   pages size description
--------- ----- ---- --------------------------------------------
  4907008   599 8192 allocating memory for b-tree...
  5283840   645 8192 allocating memory for virtual array...
   262144    32 8192 allocating memory for name pointers...
-----------------------------------------------------------------
 10452992            total memory allocated

Loading processor module /mnt/USERS/onion/DATA_ORIGN/local/ida-pro-9.3/procs/sparc.so for sparcb...OK
Loading type libraries...
Autoanalysis subsystem has been initialized.
Database for file 'mach_kernel' has been loaded.
OBJC: Identified legacy Objective-C runtime
Using type parser: legacy
Traceback (most recent call last):
  File "/mnt/USERS/onion/DATA_ORIGN/Workspace/NeXT_DRIVER/openstep-kernel-remade/10_tools/export_ida_load_units.py", line 204, in <module>
    main()
  File "/mnt/USERS/onion/DATA_ORIGN/Workspace/NeXT_DRIVER/openstep-kernel-remade/10_tools/export_ida_load_units.py", line 153, in main
    rows, counts = export_range(raw, segment, 'file_backed', address, backed_end,
  File "/mnt/USERS/onion/DATA_ORIGN/Workspace/NeXT_DRIVER/openstep-kernel-remade/10_tools/export_ida_load_units.py", line 88, in export_range
    raise RuntimeError('IDA/original byte mismatch at 0x%x' % address)
RuntimeError: IDA/original byte mismatch at 0xf012f1f8
Flushing buffers, please wait...ok
Unloading IDP module /mnt/USERS/onion/DATA_ORIGN/local/ida-pro-9.3/procs/sparc.so...
  bytes   pages size description
--------- ----- ---- --------------------------------------------
  4907008   599 8192 allocating memory for b-tree...
  5283840   645 8192 allocating memory for virtual array...
   262144    32 8192 allocating memory for name pointers...
-----------------------------------------------------------------
 10452992            total memory allocated

Loading processor module /mnt/USERS/onion/DATA_ORIGN/local/ida-pro-9.3/procs/sparc.so for sparcb...OK
Loading type libraries...
Autoanalysis subsystem has been initialized.
Database for file 'mach_kernel' has been loaded.
OBJC: Identified legacy Objective-C runtime
Using type parser: legacy
{"all_checks_passed": true, "architecture": "sparc", "item_count": 622394, "segment_count": 5}
Flushing buffers, please wait...ok
Unloading IDP module /mnt/USERS/onion/DATA_ORIGN/local/ida-pro-9.3/procs/sparc.so...