Possible file format: Mach-O file (EXECUTE). SPARC (subtype 0x00) (/mnt/USERS/onion/DATA_ORIGN/local/ida-pro-9.3/loaders/macho.so)

  bytes   pages size description
--------- ----- ---- --------------------------------------------
  5758976   703 8192 allocating memory for b-tree...
  5758976   703 8192 allocating memory for virtual array...
   262144    32 8192 allocating memory for name pointers...
-----------------------------------------------------------------
 11780096            total memory allocated

Loading processor module /mnt/USERS/onion/DATA_ORIGN/local/ida-pro-9.3/procs/sparc.so for sparcb...OK
Assuming __cdecl calling convention by default
Autoanalysis subsystem has been initialized.
Loading file '/mnt/USERS/onion/DATA_ORIGN/Workspace/NeXT_DRIVER/openstep-kernel-remade/03_original/sparc/binaries/mach_kernel' into database...
Detected file format: Mach-O file (EXECUTE). SPARC (subtype 0x00)
Type library 'macosx_sdk14' loaded. Applying types...
Types applied to 0 names.
  0. Creating a new segment  (F0002000-F00F4A98) ... ... OK
  1. Creating a new segment  (F00F4A98-F00FA4F0) ... ... OK
  2. Creating a new segment  (F00FA4F0-F00FE000) ... ... OK
  3. Creating a new segment  (F0000000-F0002000) ... ... OK
  4. Creating a new segment  (F00FE000-F012F1F8) ... ... OK
  5. Creating a new segment  (F012F1F8-F0133CF0) ... ... OK
  6. Creating a new segment  (F0133CF0-F013FC00) ... ... OK
  7. Creating a new segment  (F0140000-F01401E0) ... ... OK
  8. Creating a new segment  (F01401E0-F0140FF0) ... ... OK
  9. Creating a new segment  (F0140FF0-F0141A6C) ... ... OK
 10. Creating a new segment  (F0141A6C-F0141AFC) ... ... OK
 11. Creating a new segment  (F0141AFC-F0142434) ... ... OK
 12. Creating a new segment  (F0142434-F0142D6C) ... ... OK
 13. Creating a new segment  (F0142D6C-F0143210) ... ... OK
 14. Creating a new segment  (F0143210-F0145884) ... ... OK
 15. Creating a new segment  (F0145884-F0145AF0) ... ... OK
 16. Creating a new segment  (F0145AF0-F0146EF8) ... ... OK
 17. Creating a new segment  (F0146EF8-F0149B50) ... ... OK
 18. Creating a new segment  (F0149B50-F014F900) ... ... OK
 19. Creating a new segment  (F014F900-F014FBB4) ... ... OK
 20. Creating a new segment  (F014FBB4-F014FC30) ... ... OK
 21. Creating a new segment  (F014FC30-F01510D4) ... ... OK
 22. Creating a new segment  (F01510D4-F0151564) ... ... OK
 23. Creating a new segment  (F0151564-F0151A44) ... ... OK
 24. Creating a new segment  (F0151A50-F0151BCC) ... ... OK
IDA does not yet support Mach-O relocation information for this CPU -> OK
OBJC: Identified legacy Objective-C runtime
Objective-C structures have been detected.
Do you want to parse them and rename methods? -> ~Y~es
Coherency check failed: (_listptr & 0x1) == 0
Coherency check failed: (_listptr & 0x1) == 0
Coherency check failed: (_listptr & 0x1) == 0
Coherency check failed: (_listptr & 0x1) == 0
Coherency check failed: (_listptr & 0x1) == 0
Coherency check failed: (_listptr & 0x1) == 0
Coherency check failed: (_listptr & 0x1) == 0
Coherency check failed: (_listptr & 0x1) == 0
Coherency check failed: (_listptr & 0x1) == 0
Coherency check failed: (_listptr & 0x1) == 0
Coherency check failed: (_listptr & 0x1) == 0
Coherency check failed: (_listptr & 0x1) == 0
Coherency check failed: (_listptr & 0x1) == 0
Coherency check failed: (_listptr & 0x1) == 0
Coherency check failed: (_listptr & 0x1) == 0
Coherency check failed: (_listptr & 0x1) == 0
Coherency check failed: (_listptr & 0x1) == 0
Coherency check failed: (_listptr & 0x1) == 0
Coherency check failed: (_listptr & 0x1) == 0
Coherency check failed: (_listptr & 0x1) == 0
Coherency check failed: (_listptr & 0x1) == 0
Coherency check failed: (_listptr & 0x1) == 0
Coherency check failed: (_listptr & 0x1) == 0
Coherency check failed: (_listptr & 0x1) == 0
Coherency check failed: (_listptr & 0x1) == 0
Coherency check failed: (_listptr & 0x1) == 0
Coherency check failed: (_listptr & 0x1) == 0
Coherency check failed: (_listptr & 0x1) == 0
Coherency check failed: (_listptr & 0x1) == 0
Coherency check failed: (_listptr & 0x1) == 0
Coherency check failed: (_listptr & 0x1) == 0
Coherency check failed: (_listptr & 0x1) == 0
Coherency check failed: (_listptr & 0x1) == 0
Coherency check failed: (_listptr & 0x1) == 0
Coherency check failed: (_listptr & 0x1) == 0
OBJC: warning: malformed class at F0145B90
Coherency check failed: (_listptr & 0x1) == 0
Coherency check failed: (_listptr & 0x1) == 0
Coherency check failed: (_listptr & 0x1) == 0
Coherency check failed: (_listptr & 0x1) == 0
Coherency check failed: (_listptr & 0x1) == 0
Coherency check failed: (_listptr & 0x1) == 0
Coherency check failed: (_listptr & 0x1) == 0
Coherency check failed: (_listptr & 0x1) == 0
Coherency check failed: (_listptr & 0x1) == 0
Coherency check failed: (_listptr & 0x1) == 0
Coherency check failed: (_listptr & 0x1) == 0
Coherency check failed: (_listptr & 0x1) == 0
Coherency check failed: (_listptr & 0x1) == 0
Coherency check failed: (_listptr & 0x1) == 0
Coherency check failed: (_listptr & 0x1) == 0
Coherency check failed: (_listptr & 0x1) == 0
Coherency check failed: (_listptr & 0x1) == 0
Coherency check failed: (_listptr & 0x1) == 0
Coherency check failed: (_listptr & 0x1) == 0
Coherency check failed: (_listptr & 0x1) == 0
Coherency check failed: (_listptr & 0x1) == 0
Coherency check failed: (_listptr & 0x1) == 0
Coherency check failed: (_listptr & 0x1) == 0
Coherency check failed: (_listptr & 0x1) == 0
Coherency check failed: (_listptr & 0x1) == 0
Coherency check failed: (_listptr & 0x1) == 0
Coherency check failed: (_listptr & 0x1) == 0
Coherency check failed: (_listptr & 0x1) == 0
Coherency check failed: (_listptr & 0x1) == 0
Coherency check failed: (_listptr & 0x1) == 0
Coherency check failed: (_listptr & 0x1) == 0
Coherency check failed: (_listptr & 0x1) == 0
Coherency check failed: (_listptr & 0x1) == 0
Coherency check failed: (_listptr & 0x1) == 0
Coherency check failed: (_listptr & 0x1) == 0
Coherency check failed: (_listptr & 0x1) == 0
Coherency check failed: (_listptr & 0x1) == 0
Coherency check failed: (_listptr & 0x1) == 0
Coherency check failed: (_listptr & 0x1) == 0
Coherency check failed: (_listptr & 0x1) == 0
Coherency check failed: (_listptr & 0x1) == 0
Coherency check failed: (_listptr & 0x1) == 0
Coherency check failed: (_listptr & 0x1) == 0
Coherency check failed: (_listptr & 0x1) == 0
Coherency check failed: (_listptr & 0x1) == 0
Coherency check failed: (_listptr & 0x1) == 0
Coherency check failed: (_listptr & 0x1) == 0
Coherency check failed: (_listptr & 0x1) == 0
Coherency check failed: (_listptr & 0x1) == 0
Coherency check failed: (_listptr & 0x1) == 0
Coherency check failed: (_listptr & 0x1) == 0
Coherency check failed: (_listptr & 0x1) == 0
Coherency check failed: (_listptr & 0x1) == 0
Coherency check failed: (_listptr & 0x1) == 0
Coherency check failed: (_listptr & 0x1) == 0
Coherency check failed: (_listptr & 0x1) == 0
Coherency check failed: (_listptr & 0x1) == 0
Coherency check failed: (_listptr & 0x1) == 0
Coherency check failed: (_listptr & 0x1) == 0
Coherency check failed: (_listptr & 0x1) == 0
Coherency check failed: (_listptr & 0x1) == 0
Coherency check failed: (_listptr & 0x1) == 0
Coherency check failed: (_listptr & 0x1) == 0
Coherency check failed: (_listptr & 0x1) == 0
Coherency check failed: (_listptr & 0x1) == 0
Coherency check failed: (_listptr & 0x1) == 0
Coherency check failed: (_listptr & 0x1) == 0
Coherency check failed: (_listptr & 0x1) == 0
Coherency check failed: (_listptr & 0x1) == 0
Coherency check failed: (_listptr & 0x1) == 0
Coherency check failed: (_listptr & 0x1) == 0
Coherency check failed: (_listptr & 0x1) == 0
Coherency check failed: (_listptr & 0x1) == 0
Coherency check failed: (_listptr & 0x1) == 0
Coherency check failed: (_listptr & 0x1) == 0
Coherency check failed: (_listptr & 0x1) == 0
Coherency check failed: (_listptr & 0x1) == 0
Coherency check failed: (_listptr & 0x1) == 0
Coherency check failed: (_listptr & 0x1) == 0
Coherency check failed: (_listptr & 0x1) == 0
Coherency check failed: (_listptr & 0x1) == 0
Coherency check failed: (_listptr & 0x1) == 0
Coherency check failed: (_listptr & 0x1) == 0
Coherency check failed: (_listptr & 0x1) == 0
Coherency check failed: (_listptr & 0x1) == 0
Coherency check failed: (_listptr & 0x1) == 0
Coherency check failed: (_listptr & 0x1) == 0
Coherency check failed: (_listptr & 0x1) == 0
Coherency check failed: (_listptr & 0x1) == 0
Coherency check failed: (_listptr & 0x1) == 0
Coherency check failed: (_listptr & 0x1) == 0
Coherency check failed: (_listptr & 0x1) == 0
Coherency check failed: (_listptr & 0x1) == 0
Coherency check failed: (_listptr & 0x1) == 0
Coherency check failed: (_listptr & 0x1) == 0
Coherency check failed: (_listptr & 0x1) == 0
Coherency check failed: (_listptr & 0x1) == 0
Coherency check failed: (_listptr & 0x1) == 0
Coherency check failed: (_listptr & 0x1) == 0
Coherency check failed: (_listptr & 0x1) == 0
Coherency check failed: (_listptr & 0x1) == 0
Coherency check failed: (_listptr & 0x1) == 0
Coherency check failed: (_listptr & 0x1) == 0
Coherency check failed: (_listptr & 0x1) == 0
Coherency check failed: (_listptr & 0x1) == 0
Coherency check failed: (_listptr & 0x1) == 0
Coherency check failed: (_listptr & 0x1) == 0
Coherency check failed: (_listptr & 0x1) == 0
Coherency check failed: (_listptr & 0x1) == 0
Coherency check failed: (_listptr & 0x1) == 0
Coherency check failed: (_listptr & 0x1) == 0
Coherency check failed: (_listptr & 0x1) == 0
Coherency check failed: (_listptr & 0x1) == 0
Coherency check failed: (_listptr & 0x1) == 0
Coherency check failed: (_listptr & 0x1) == 0
Coherency check failed: (_listptr & 0x1) == 0
Coherency check failed: (_listptr & 0x1) == 0
Coherency check failed: (_listptr & 0x1) == 0
Coherency check failed: (_listptr & 0x1) == 0
Coherency check failed: (_listptr & 0x1) == 0
Coherency check failed: (_listptr & 0x1) == 0
Coherency check failed: (_listptr & 0x1) == 0
Coherency check failed: (_listptr & 0x1) == 0
Coherency check failed: (_listptr & 0x1) == 0
Coherency check failed: (_listptr & 0x1) == 0
Coherency check failed: (_listptr & 0x1) == 0
Coherency check failed: (_listptr & 0x1) == 0
Coherency check failed: (_listptr & 0x1) == 0
Coherency check failed: (_listptr & 0x1) == 0
Coherency check failed: (_listptr & 0x1) == 0
Coherency check failed: (_listptr & 0x1) == 0
Coherency check failed: (_listptr & 0x1) == 0
Coherency check failed: (_listptr & 0x1) == 0
Coherency check failed: (_listptr & 0x1) == 0
Coherency check failed: (_listptr & 0x1) == 0
Coherency check failed: (_listptr & 0x1) == 0
Coherency check failed: (_listptr & 0x1) == 0
Coherency check failed: (_listptr & 0x1) == 0
Coherency check failed: (_listptr & 0x1) == 0
Coherency check failed: (_listptr & 0x1) == 0
Coherency check failed: (_listptr & 0x1) == 0
Coherency check failed: (_listptr & 0x1) == 0
Coherency check failed: (_listptr & 0x1) == 0
Coherency check failed: (_listptr & 0x1) == 0
Coherency check failed: (_listptr & 0x1) == 0
Coherency check failed: (_listptr & 0x1) == 0
Coherency check failed: (_listptr & 0x1) == 0
Coherency check failed: (_listptr & 0x1) == 0
Coherency check failed: (_listptr & 0x1) == 0
Coherency check failed: (_listptr & 0x1) == 0
Coherency check failed: (_listptr & 0x1) == 0
Coherency check failed: (_listptr & 0x1) == 0
Coherency check failed: (_listptr & 0x1) == 0
Coherency check failed: (_listptr & 0x1) == 0
Coherency check failed: (_listptr & 0x1) == 0
Coherency check failed: (_listptr & 0x1) == 0
Coherency check failed: (_listptr & 0x1) == 0
Coherency check failed: (_listptr & 0x1) == 0
Coherency check failed: (_listptr & 0x1) == 0
Coherency check failed: (_listptr & 0x1) == 0
Coherency check failed: (_listptr & 0x1) == 0
Coherency check failed: (_listptr & 0x1) == 0
Coherency check failed: (_listptr & 0x1) == 0
Coherency check failed: (_listptr & 0x1) == 0
Coherency check failed: (_listptr & 0x1) == 0
Coherency check failed: (_listptr & 0x1) == 0
Coherency check failed: (_listptr & 0x1) == 0
Coherency check failed: (_listptr & 0x1) == 0
Coherency check failed: (_listptr & 0x1) == 0
Coherency check failed: (_listptr & 0x1) == 0
Coherency check failed: (_listptr & 0x1) == 0
Coherency check failed: (_listptr & 0x1) == 0
Coherency check failed: (_listptr & 0x1) == 0
Coherency check failed: (_listptr & 0x1) == 0
Coherency check failed: (_listptr & 0x1) == 0
Coherency check failed: (_listptr & 0x1) == 0
Coherency check failed: (_listptr & 0x1) == 0
Coherency check failed: (_listptr & 0x1) == 0
Coherency check failed: (_listptr & 0x1) == 0
Coherency check failed: (_listptr & 0x1) == 0
Coherency check failed: (_listptr & 0x1) == 0
Coherency check failed: (_listptr & 0x1) == 0
Coherency check failed: (_listptr & 0x1) == 0
Coherency check failed: (_listptr & 0x1) == 0
Coherency check failed: (_listptr & 0x1) == 0
Coherency check failed: (_listptr & 0x1) == 0
Coherency check failed: (_listptr & 0x1) == 0
Coherency check failed: (_listptr & 0x1) == 0
Coherency check failed: (_listptr & 0x1) == 0
Coherency check failed: (_listptr & 0x1) == 0
Coherency check failed: (_listptr & 0x1) == 0
Coherency check failed: (_listptr & 0x1) == 0
Coherency check failed: (_listptr & 0x1) == 0
Coherency check failed: (_listptr & 0x1) == 0
Coherency check failed: (_listptr & 0x1) == 0
Coherency check failed: (_listptr & 0x1) == 0
Coherency check failed: (_listptr & 0x1) == 0
Coherency check failed: (_listptr & 0x1) == 0
Coherency check failed: (_listptr & 0x1) == 0
Coherency check failed: (_listptr & 0x1) == 0
Coherency check failed: (_listptr & 0x1) == 0
Coherency check failed: (_listptr & 0x1) == 0
Coherency check failed: (_listptr & 0x1) == 0
Coherency check failed: (_listptr & 0x1) == 0
Coherency check failed: (_listptr & 0x1) == 0
Coherency check failed: (_listptr & 0x1) == 0
Coherency check failed: (_listptr & 0x1) == 0
Coherency check failed: (_listptr & 0x1) == 0
Coherency check failed: (_listptr & 0x1) == 0
Coherency check failed: (_listptr & 0x1) == 0
Coherency check failed: (_listptr & 0x1) == 0
Coherency check failed: (_listptr & 0x1) == 0
Coherency check failed: (_listptr & 0x1) == 0
Coherency check failed: (_listptr & 0x1) == 0
Coherency check failed: (_listptr & 0x1) == 0
Coherency check failed: (_listptr & 0x1) == 0
Coherency check failed: (_listptr & 0x1) == 0
Coherency check failed: (_listptr & 0x1) == 0
Coherency check failed: (_listptr & 0x1) == 0
Coherency check failed: (_listptr & 0x1) == 0
Coherency check failed: (_listptr & 0x1) == 0
Coherency check failed: (_listptr & 0x1) == 0
Coherency check failed: (_listptr & 0x1) == 0
Coherency check failed: (_listptr & 0x1) == 0
Coherency check failed: (_listptr & 0x1) == 0
Coherency check failed: (_listptr & 0x1) == 0
Coherency check failed: (_listptr & 0x1) == 0
Coherency check failed: (_listptr & 0x1) == 0
Coherency check failed: (_listptr & 0x1) == 0
Coherency check failed: (_listptr & 0x1) == 0
Coherency check failed: (_listptr & 0x1) == 0
Coherency check failed: (_listptr & 0x1) == 0
Coherency check failed: (_listptr & 0x1) == 0
Coherency check failed: (_listptr & 0x1) == 0
Coherency check failed: (_listptr & 0x1) == 0
Coherency check failed: (_listptr & 0x1) == 0
Coherency check failed: (_listptr & 0x1) == 0
Coherency check failed: (_listptr & 0x1) == 0
Coherency check failed: (_listptr & 0x1) == 0
Coherency check failed: (_listptr & 0x1) == 0
Coherency check failed: (_listptr & 0x1) == 0
Coherency check failed: (_listptr & 0x1) == 0
Coherency check failed: (_listptr & 0x1) == 0
Coherency check failed: (_listptr & 0x1) == 0
Coherency check failed: (_listptr & 0x1) == 0
Coherency check failed: (_listptr & 0x1) == 0
Coherency check failed: (_listptr & 0x1) == 0
Coherency check failed: (_listptr & 0x1) == 0
Coherency check failed: (_listptr & 0x1) == 0
Coherency check failed: (_listptr & 0x1) == 0
Coherency check failed: (_listptr & 0x1) == 0
Coherency check failed: (_listptr & 0x1) == 0
Coherency check failed: (_listptr & 0x1) == 0
Coherency check failed: (_listptr & 0x1) == 0
Coherency check failed: (_listptr & 0x1) == 0
Coherency check failed: (_listptr & 0x1) == 0
Coherency check failed: (_listptr & 0x1) == 0
Coherency check failed: (_listptr & 0x1) == 0
Coherency check failed: (_listptr & 0x1) == 0
Coherency check failed: (_listptr & 0x1) == 0
Coherency check failed: (_listptr & 0x1) == 0
Coherency check failed: (_listptr & 0x1) == 0
Coherency check failed: (_listptr & 0x1) == 0
Coherency check failed: (_listptr & 0x1) == 0
Coherency check failed: (_listptr & 0x1) == 0
Coherency check failed: (_listptr & 0x1) == 0
Coherency check failed: (_listptr & 0x1) == 0
Coherency check failed: (_listptr & 0x1) == 0
Coherency check failed: (_listptr & 0x1) == 0
Coherency check failed: (_listptr & 0x1) == 0
Coherency check failed: (_listptr & 0x1) == 0
OBJC: mach_kernel: applied 59 types, 1051 methods, 0 properties, 31 protocols, 34 categories, 1 segments
Flushing buffers, please wait...ok
File '/mnt/USERS/onion/DATA_ORIGN/Workspace/NeXT_DRIVER/openstep-kernel-remade/03_original/sparc/binaries/mach_kernel' has been successfully loaded into the database.
Flushing buffers, please wait...ok
Using type parser: legacy
IDA is analysing the input file...
You may start to explore the input file right now.
Propagating type information...
Function argument information has been propagated
The initial autoanalysis has been finished.
{"ida_big_endian": true, "ida_bits": 32, "ida_processor": "sparcb", "input_sha256": "287ababa091f5f64b42cad2d289f0e828d88127cba858ba8fe440f88ae65b8e1", "macho_cpu_type": 14, "macho_magic_bytes": "FEEDFACE", "schema": 1}
Flushing buffers, please wait...ok
Unloading IDP module /mnt/USERS/onion/DATA_ORIGN/local/ida-pro-9.3/procs/sparc.so...