2026-09-11 10:30:30 INFO  (LoggingInitialization) Using log config file: jar:file:/home/onion/ghidra_12.1_PUBLIC/Ghidra/Framework/Generic/lib/Generic.jar!/generic.log4j.xml  
2026-09-11 10:30:30 INFO  (LoggingInitialization) Using log file: 04_ghidra/notes/full-pass3.log  
2026-09-11 10:30:30 DEBUG (GhidraObjectInputFilter) Including serial input filter: FileSystem/data/client.rmi.serial.filter  
2026-09-11 10:30:30 INFO  (Preferences) Loading user preferences: /mnt/USERS/onion/DATA_ORIGN/Workspace/NeXT_DRIVER/openstep-kernel-remade/04_ghidra/projects/runtime/settings/onion-ghidra/ghidra_12.1_PUBLIC/preferences  
2026-09-11 10:30:30 INFO  (ClassSearcher) Searching for classes...  
2026-09-11 10:30:31 INFO  (ClassSearcher) Class search complete (863 ms)  
2026-09-11 10:30:31 INFO  (DefaultSSLContextInitializer) Initializing SSL Context  
2026-09-11 10:30:31 INFO  (SecureRandomFactory) Initializing Random Number Generator...  
2026-09-11 10:30:31 INFO  (SecureRandomFactory) Random Number Generator initialization complete: NativePRNGNonBlocking  
2026-09-11 10:30:31 INFO  (DefaultTrustManagerFactory) Trust manager disabled, cacerts have not been set  
2026-09-11 10:30:31 INFO  (AnalyzeHeadless) Headless startup complete (1746 ms)  
2026-09-11 10:30:31 INFO  (ClassSearcher) Class searcher loaded 59 extension points (20 false positives)  
2026-09-11 10:30:31 INFO  (HeadlessAnalyzer) HEADLESS Script Paths:
    /home/onion/ghidra_12.1_PUBLIC/Ghidra/Features/PyGhidra/ghidra_scripts
    /home/onion/ghidra_12.1_PUBLIC/Ghidra/Features/MicrosoftCodeAnalyzer/ghidra_scripts
    /home/onion/ghidra_12.1_PUBLIC/Ghidra/Features/PDB/ghidra_scripts
    /home/onion/ghidra_12.1_PUBLIC/Ghidra/Features/VersionTracking/ghidra_scripts
    /home/onion/ghidra_12.1_PUBLIC/Ghidra/Debug/Debugger-rmi-trace/ghidra_scripts
    /home/onion/ghidra_12.1_PUBLIC/Ghidra/Debug/Debugger/ghidra_scripts
    /home/onion/ghidra_12.1_PUBLIC/Ghidra/Processors/PIC/ghidra_scripts
    /mnt/USERS/onion/DATA_ORIGN/Workspace/NeXT_DRIVER/openstep-kernel-remade/10_tools/ghidra
    /home/onion/ghidra_12.1_PUBLIC/Ghidra/Extensions/ghidra_sega_ldr/ghidra_scripts
    /home/onion/ghidra_12.1_PUBLIC/Ghidra/Features/GnuDemangler/ghidra_scripts
    /home/onion/ghidra_12.1_PUBLIC/Ghidra/Processors/Atmel/ghidra_scripts
    /home/onion/ghidra_12.1_PUBLIC/Ghidra/Processors/JVM/ghidra_scripts
    /home/onion/ghidra_12.1_PUBLIC/Ghidra/Processors/DATA/ghidra_scripts
    /home/onion/ghidra_12.1_PUBLIC/Ghidra/Features/SystemEmulation/ghidra_scripts
    /home/onion/ghidra_12.1_PUBLIC/Ghidra/Features/BSim/ghidra_scripts
    /home/onion/ghidra_12.1_PUBLIC/Ghidra/Features/WildcardAssembler/ghidra_scripts
    /home/onion/ghidra_12.1_PUBLIC/Ghidra/Features/FileFormats/ghidra_scripts
    /home/onion/ghidra_12.1_PUBLIC/Ghidra/Processors/8051/ghidra_scripts
    /home/onion/ghidra_scripts
    /home/onion/ghidra_12.1_PUBLIC/Ghidra/Features/SwiftDemangler/ghidra_scripts
    /home/onion/ghidra_12.1_PUBLIC/Ghidra/Features/DecompilerDependent/ghidra_scripts
    /home/onion/ghidra_12.1_PUBLIC/Ghidra/Features/FunctionID/ghidra_scripts
    /home/onion/ghidra_12.1_PUBLIC/Ghidra/Features/BytePatterns/ghidra_scripts
    /home/onion/ghidra_12.1_PUBLIC/Ghidra/Features/Base/ghidra_scripts
    /home/onion/ghidra_12.1_PUBLIC/Ghidra/Features/Decompiler/ghidra_scripts  
2026-09-11 10:30:31 INFO  (HeadlessAnalyzer) HEADLESS: execution starts  
2026-09-11 10:30:31 INFO  (HeadlessAnalyzer) Opening existing project: /mnt/USERS/onion/DATA_ORIGN/Workspace/NeXT_DRIVER/openstep-kernel-remade/04_ghidra/projects/x86-full  
2026-09-11 10:30:32 INFO  (HeadlessProject) Opening project: /mnt/USERS/onion/DATA_ORIGN/Workspace/NeXT_DRIVER/openstep-kernel-remade/04_ghidra/projects/x86-full  
2026-09-11 10:30:33 INFO  (HeadlessAnalyzer) REPORT: Processing project file: /mach_kernel  
2026-09-11 10:30:33 INFO  (HeadlessAnalyzer) REPORT: Execute script: CompleteCode.java '/mnt/USERS/onion/DATA_ORIGN/Workspace/NeXT_DRIVER/openstep-kernel-remade'   
2026-09-11 10:30:34 INFO  (HeadlessAnalyzer) SCRIPT: /mnt/USERS/onion/DATA_ORIGN/Workspace/NeXT_DRIVER/openstep-kernel-remade/10_tools/ghidra/CompleteCode.java  
2026-09-11 10:30:34 ERROR (HeadlessAnalyzer) REPORT SCRIPT ERROR:  java.nio.file.NoSuchFileException: /mnt/USERS/onion/DATA_ORIGN/Workspace/NeXT_DRIVER/openstep-kernel-remade/09_validation/static/full-analysis/gap-actions.json
	at java.base/sun.nio.fs.UnixException.translateToIOException(UnixException.java:92)
	at java.base/sun.nio.fs.UnixException.rethrowAsIOException(UnixException.java:106)
	at java.base/sun.nio.fs.UnixException.rethrowAsIOException(UnixException.java:111)
	at java.base/sun.nio.fs.UnixFileSystemProvider.newByteChannel(UnixFileSystemProvider.java:261)
	at java.base/java.nio.file.Files.newByteChannel(Files.java:380)
	at java.base/java.nio.file.Files.newByteChannel(Files.java:432)
	at java.base/java.nio.file.Files.readAllBytes(Files.java:3281)
	at java.base/java.nio.file.Files.readString(Files.java:3359)
	at java.base/java.nio.file.Files.readString(Files.java:3318)
	at CompleteCode.run(CompleteCode.java:17)
	at ghidra.app.script.GhidraScript.executeNormal(GhidraScript.java:460)
	at ghidra.app.script.GhidraScript.doExecute(GhidraScript.java:314)
	at ghidra.app.script.GhidraScript.execute(GhidraScript.java:290)
	at ghidra.app.util.headless.HeadlessAnalyzer.runScript(HeadlessAnalyzer.java:596)
	at ghidra.app.util.headless.HeadlessAnalyzer.runScriptsList(HeadlessAnalyzer.java:939)
	at ghidra.app.util.headless.HeadlessAnalyzer.analyzeProgram(HeadlessAnalyzer.java:1095)
	at ghidra.app.util.headless.HeadlessAnalyzer.processFileNoImport(HeadlessAnalyzer.java:1193)
	at ghidra.app.util.headless.HeadlessAnalyzer.processFolderNoImport(HeadlessAnalyzer.java:1365)
	at ghidra.app.util.headless.HeadlessAnalyzer.processNoImport(HeadlessAnalyzer.java:1394)
	at ghidra.app.util.headless.HeadlessAnalyzer.processLocal(HeadlessAnalyzer.java:460)
	at ghidra.app.util.headless.AnalyzeHeadless.launch(AnalyzeHeadless.java:199)
	at ghidra.GhidraLauncher.launch(GhidraLauncher.java:81)
	at ghidra.Ghidra.main(Ghidra.java:54)
 
2026-09-11 10:30:34 INFO  (HeadlessAnalyzer) REPORT: Execute script: ExportKernel.java '/mnt/USERS/onion/DATA_ORIGN/Workspace/NeXT_DRIVER/openstep-kernel-remade/04_ghidra/exports/x86/full-pass3'   
2026-09-11 10:30:34 INFO  (HeadlessAnalyzer) SCRIPT: /mnt/USERS/onion/DATA_ORIGN/Workspace/NeXT_DRIVER/openstep-kernel-remade/10_tools/ghidra/ExportKernel.java  
2026-09-11 10:30:36 INFO  (GhidraScript) ExportKernel.java> Whole-program listing exported: 458930 code units  
2026-09-11 10:30:38 INFO  (GhidraScript) ExportKernel.java> DECOMPILE 100/4763 success=100 failed=0  
2026-09-11 10:30:39 INFO  (GhidraScript) ExportKernel.java> DECOMPILE 200/4763 success=200 failed=0  
2026-09-11 10:30:40 INFO  (GhidraScript) ExportKernel.java> DECOMPILE 300/4763 success=300 failed=0  
2026-09-11 10:30:40 INFO  (GhidraScript) ExportKernel.java> DECOMPILE 400/4763 success=400 failed=0  
2026-09-11 10:30:41 INFO  (GhidraScript) ExportKernel.java> DECOMPILE 500/4763 success=500 failed=0  
2026-09-11 10:30:41 INFO  (GhidraScript) ExportKernel.java> DECOMPILE 600/4763 success=600 failed=0  
2026-09-11 10:30:42 INFO  (GhidraScript) ExportKernel.java> DECOMPILE 700/4763 success=700 failed=0  
2026-09-11 10:30:43 INFO  (GhidraScript) ExportKernel.java> DECOMPILE 800/4763 success=800 failed=0  
2026-09-11 10:30:44 INFO  (GhidraScript) ExportKernel.java> DECOMPILE 900/4763 success=900 failed=0  
2026-09-11 10:30:44 INFO  (GhidraScript) ExportKernel.java> DECOMPILE 1000/4763 success=1000 failed=0  
2026-09-11 10:30:45 INFO  (GhidraScript) ExportKernel.java> DECOMPILE 1100/4763 success=1100 failed=0  
2026-09-11 10:30:46 INFO  (GhidraScript) ExportKernel.java> DECOMPILE 1200/4763 success=1200 failed=0  
2026-09-11 10:30:46 INFO  (GhidraScript) ExportKernel.java> DECOMPILE 1300/4763 success=1300 failed=0  
2026-09-11 10:30:47 INFO  (GhidraScript) ExportKernel.java> DECOMPILE 1400/4763 success=1400 failed=0  
2026-09-11 10:30:48 INFO  (GhidraScript) ExportKernel.java> DECOMPILE 1500/4763 success=1500 failed=0  
2026-09-11 10:30:48 INFO  (GhidraScript) ExportKernel.java> DECOMPILE 1600/4763 success=1600 failed=0  
2026-09-11 10:30:49 INFO  (GhidraScript) ExportKernel.java> DECOMPILE 1700/4763 success=1700 failed=0  
2026-09-11 10:30:49 INFO  (GhidraScript) ExportKernel.java> DECOMPILE 1800/4763 success=1800 failed=0  
2026-09-11 10:30:50 INFO  (GhidraScript) ExportKernel.java> DECOMPILE 1900/4763 success=1900 failed=0  
2026-09-11 10:30:50 INFO  (GhidraScript) ExportKernel.java> DECOMPILE 2000/4763 success=2000 failed=0  
2026-09-11 10:30:51 INFO  (GhidraScript) ExportKernel.java> DECOMPILE 2100/4763 success=2100 failed=0  
2026-09-11 10:30:52 INFO  (GhidraScript) ExportKernel.java> DECOMPILE 2200/4763 success=2200 failed=0  
2026-09-11 10:30:52 INFO  (GhidraScript) ExportKernel.java> DECOMPILE 2300/4763 success=2300 failed=0  
2026-09-11 10:30:53 INFO  (GhidraScript) ExportKernel.java> DECOMPILE 2400/4763 success=2400 failed=0  
2026-09-11 10:30:53 INFO  (GhidraScript) ExportKernel.java> DECOMPILE 2500/4763 success=2500 failed=0  
2026-09-11 10:30:53 INFO  (GhidraScript) ExportKernel.java> DECOMPILE 2600/4763 success=2600 failed=0  
2026-09-11 10:30:53 INFO  (GhidraScript) ExportKernel.java> DECOMPILE 2700/4763 success=2700 failed=0  
2026-09-11 10:30:54 INFO  (GhidraScript) ExportKernel.java> DECOMPILE 2800/4763 success=2800 failed=0  
2026-09-11 10:30:54 INFO  (GhidraScript) ExportKernel.java> DECOMPILE 2900/4763 success=2900 failed=0  
2026-09-11 10:30:54 INFO  (GhidraScript) ExportKernel.java> DECOMPILE 3000/4763 success=3000 failed=0  
2026-09-11 10:30:55 INFO  (GhidraScript) ExportKernel.java> DECOMPILE 3100/4763 success=3100 failed=0  
2026-09-11 10:30:55 INFO  (GhidraScript) ExportKernel.java> DECOMPILE 3200/4763 success=3200 failed=0  
2026-09-11 10:30:56 INFO  (GhidraScript) ExportKernel.java> DECOMPILE 3300/4763 success=3300 failed=0  
2026-09-11 10:30:57 INFO  (GhidraScript) ExportKernel.java> DECOMPILE 3400/4763 success=3400 failed=0  
2026-09-11 10:30:57 INFO  (GhidraScript) ExportKernel.java> DECOMPILE 3500/4763 success=3500 failed=0  
2026-09-11 10:30:57 INFO  (GhidraScript) ExportKernel.java> DECOMPILE 3600/4763 success=3600 failed=0  
2026-09-11 10:30:57 INFO  (GhidraScript) ExportKernel.java> DECOMPILE 3700/4763 success=3700 failed=0  
2026-09-11 10:30:58 INFO  (GhidraScript) ExportKernel.java> DECOMPILE 3800/4763 success=3800 failed=0  
2026-09-11 10:30:58 INFO  (GhidraScript) ExportKernel.java> DECOMPILE 3900/4763 success=3900 failed=0  
2026-09-11 10:30:59 INFO  (GhidraScript) ExportKernel.java> DECOMPILE 4000/4763 success=4000 failed=0  
2026-09-11 10:30:59 INFO  (GhidraScript) ExportKernel.java> DECOMPILE 4100/4763 success=4100 failed=0  
2026-09-11 10:30:59 INFO  (GhidraScript) ExportKernel.java> DECOMPILE 4200/4763 success=4200 failed=0  
2026-09-11 10:31:00 INFO  (GhidraScript) ExportKernel.java> DECOMPILE 4300/4763 success=4300 failed=0  
2026-09-11 10:31:00 INFO  (GhidraScript) ExportKernel.java> DECOMPILE 4400/4763 success=4400 failed=0  
2026-09-11 10:31:01 INFO  (GhidraScript) ExportKernel.java> DECOMPILE 4500/4763 success=4500 failed=0  
2026-09-11 10:31:01 INFO  (GhidraScript) ExportKernel.java> DECOMPILE 4600/4763 success=4600 failed=0  
2026-09-11 10:31:01 INFO  (GhidraScript) ExportKernel.java> DECOMPILE 4700/4763 success=4700 failed=0  
2026-09-11 10:31:01 INFO  (GhidraScript) ExportKernel.java> EXPORT FINISHED: functions=4763 decompiled=4763 failed=0  
2026-09-11 10:31:02 INFO  (HeadlessAnalyzer) REPORT: Save succeeded for processed file: /mach_kernel  
