2026-09-11 10:23:58 INFO  (LoggingInitialization) Using log config file: jar:file:/home/onion/ghidra_12.1_PUBLIC/Ghidra/Framework/Generic/lib/Generic.jar!/generic.log4j.xml  
2026-09-11 10:23:58 INFO  (LoggingInitialization) Using log file: 04_ghidra/notes/full-pass2.log  
2026-09-11 10:23:58 DEBUG (GhidraObjectInputFilter) Including serial input filter: FileSystem/data/client.rmi.serial.filter  
2026-09-11 10:23:58 INFO  (Preferences) Loading user preferences: /mnt/USERS/onion/DATA_ORIGN/Workspace/NeXT_DRIVER/openstep-kernel-remade/04_ghidra/projects/runtime/settings/onion-ghidra/ghidra_12.1_PUBLIC/preferences  
2026-09-11 10:23:58 INFO  (ClassSearcher) Searching for classes...  
2026-09-11 10:23:59 INFO  (ClassSearcher) Class search complete (858 ms)  
2026-09-11 10:23:59 INFO  (DefaultSSLContextInitializer) Initializing SSL Context  
2026-09-11 10:23:59 INFO  (SecureRandomFactory) Initializing Random Number Generator...  
2026-09-11 10:23:59 INFO  (SecureRandomFactory) Random Number Generator initialization complete: NativePRNGNonBlocking  
2026-09-11 10:23:59 INFO  (DefaultTrustManagerFactory) Trust manager disabled, cacerts have not been set  
2026-09-11 10:23:59 INFO  (FileCacheMaintenanceDaemon) Starting cache cleanup: /mnt/USERS/onion/DATA_ORIGN/Workspace/NeXT_DRIVER/openstep-kernel-remade/04_ghidra/projects/runtime/cache/onion-ghidra/fscache2  
2026-09-11 10:23:59 INFO  (FileCacheMaintenanceDaemon) Finished cache cleanup, estimated storage used: 0  
2026-09-11 10:23:59 INFO  (AnalyzeHeadless) Headless startup complete (1756 ms)  
2026-09-11 10:23:59 INFO  (ClassSearcher) Class searcher loaded 59 extension points (20 false positives)  
2026-09-11 10:24:00 INFO  (HeadlessAnalyzer) HEADLESS Script Paths:
    /home/onion/ghidra_12.1_PUBLIC/Ghidra/Features/PyGhidra/ghidra_scripts
    /home/onion/ghidra_12.1_PUBLIC/Ghidra/Features/MicrosoftCodeAnalyzer/ghidra_scripts
    /home/onion/ghidra_12.1_PUBLIC/Ghidra/Features/PDB/ghidra_scripts
    /home/onion/ghidra_12.1_PUBLIC/Ghidra/Features/VersionTracking/ghidra_scripts
    /home/onion/ghidra_12.1_PUBLIC/Ghidra/Debug/Debugger-rmi-trace/ghidra_scripts
    /home/onion/ghidra_12.1_PUBLIC/Ghidra/Debug/Debugger/ghidra_scripts
    /home/onion/ghidra_12.1_PUBLIC/Ghidra/Processors/PIC/ghidra_scripts
    /mnt/USERS/onion/DATA_ORIGN/Workspace/NeXT_DRIVER/openstep-kernel-remade/10_tools/ghidra
    /home/onion/ghidra_12.1_PUBLIC/Ghidra/Extensions/ghidra_sega_ldr/ghidra_scripts
    /home/onion/ghidra_12.1_PUBLIC/Ghidra/Features/GnuDemangler/ghidra_scripts
    /home/onion/ghidra_12.1_PUBLIC/Ghidra/Processors/Atmel/ghidra_scripts
    /home/onion/ghidra_12.1_PUBLIC/Ghidra/Processors/JVM/ghidra_scripts
    /home/onion/ghidra_12.1_PUBLIC/Ghidra/Processors/DATA/ghidra_scripts
    /home/onion/ghidra_12.1_PUBLIC/Ghidra/Features/SystemEmulation/ghidra_scripts
    /home/onion/ghidra_12.1_PUBLIC/Ghidra/Features/BSim/ghidra_scripts
    /home/onion/ghidra_12.1_PUBLIC/Ghidra/Features/WildcardAssembler/ghidra_scripts
    /home/onion/ghidra_12.1_PUBLIC/Ghidra/Features/FileFormats/ghidra_scripts
    /home/onion/ghidra_12.1_PUBLIC/Ghidra/Processors/8051/ghidra_scripts
    /home/onion/ghidra_scripts
    /home/onion/ghidra_12.1_PUBLIC/Ghidra/Features/SwiftDemangler/ghidra_scripts
    /home/onion/ghidra_12.1_PUBLIC/Ghidra/Features/DecompilerDependent/ghidra_scripts
    /home/onion/ghidra_12.1_PUBLIC/Ghidra/Features/FunctionID/ghidra_scripts
    /home/onion/ghidra_12.1_PUBLIC/Ghidra/Features/BytePatterns/ghidra_scripts
    /home/onion/ghidra_12.1_PUBLIC/Ghidra/Features/Base/ghidra_scripts
    /home/onion/ghidra_12.1_PUBLIC/Ghidra/Features/Decompiler/ghidra_scripts  
2026-09-11 10:24:00 INFO  (HeadlessAnalyzer) HEADLESS: execution starts  
2026-09-11 10:24:00 INFO  (HeadlessAnalyzer) Opening existing project: /mnt/USERS/onion/DATA_ORIGN/Workspace/NeXT_DRIVER/openstep-kernel-remade/04_ghidra/projects/x86-full  
2026-09-11 10:24:00 DEBUG (DefaultProjectManager) No tools found; Installing default tools  
2026-09-11 10:24:00 DEBUG (DefaultProjectManager) 	no recent project directories found  
2026-09-11 10:24:00 INFO  (HeadlessProject) Opening project: /mnt/USERS/onion/DATA_ORIGN/Workspace/NeXT_DRIVER/openstep-kernel-remade/04_ghidra/projects/x86-full  
2026-09-11 10:24:01 INFO  (HeadlessAnalyzer) REPORT: Processing project file: /mach_kernel  
2026-09-11 10:24:01 INFO  (HeadlessAnalyzer) REPORT: Execute script: RepairAndAudit.java '/mnt/USERS/onion/DATA_ORIGN/Workspace/NeXT_DRIVER/openstep-kernel-remade'   
2026-09-11 10:24:02 INFO  (HeadlessAnalyzer) SCRIPT: /mnt/USERS/onion/DATA_ORIGN/Workspace/NeXT_DRIVER/openstep-kernel-remade/10_tools/ghidra/RepairAndAudit.java  
2026-09-11 10:24:02 INFO  (GhidraScript) RepairAndAudit.java> Confirmed entries=6; gap contexts=479; data types=328  
2026-09-11 10:24:02 INFO  (HeadlessAnalyzer) REPORT: Execute script: ExportKernel.java '/mnt/USERS/onion/DATA_ORIGN/Workspace/NeXT_DRIVER/openstep-kernel-remade/04_ghidra/exports/x86/full-pass2'   
2026-09-11 10:24:02 INFO  (HeadlessAnalyzer) SCRIPT: /mnt/USERS/onion/DATA_ORIGN/Workspace/NeXT_DRIVER/openstep-kernel-remade/10_tools/ghidra/ExportKernel.java  
2026-09-11 10:24:04 INFO  (GhidraScript) ExportKernel.java> Whole-program listing exported: 458930 code units  
2026-09-11 10:24:06 INFO  (GhidraScript) ExportKernel.java> DECOMPILE 100/4763 success=100 failed=0  
2026-09-11 10:24:07 INFO  (GhidraScript) ExportKernel.java> DECOMPILE 200/4763 success=200 failed=0  
2026-09-11 10:24:08 INFO  (GhidraScript) ExportKernel.java> DECOMPILE 300/4763 success=300 failed=0  
2026-09-11 10:24:08 INFO  (GhidraScript) ExportKernel.java> DECOMPILE 400/4763 success=400 failed=0  
2026-09-11 10:24:09 INFO  (GhidraScript) ExportKernel.java> DECOMPILE 500/4763 success=500 failed=0  
2026-09-11 10:24:09 INFO  (GhidraScript) ExportKernel.java> DECOMPILE 600/4763 success=600 failed=0  
2026-09-11 10:24:10 INFO  (GhidraScript) ExportKernel.java> DECOMPILE 700/4763 success=700 failed=0  
2026-09-11 10:24:11 INFO  (GhidraScript) ExportKernel.java> DECOMPILE 800/4763 success=800 failed=0  
2026-09-11 10:24:12 INFO  (GhidraScript) ExportKernel.java> DECOMPILE 900/4763 success=900 failed=0  
2026-09-11 10:24:12 INFO  (GhidraScript) ExportKernel.java> DECOMPILE 1000/4763 success=1000 failed=0  
2026-09-11 10:24:13 INFO  (GhidraScript) ExportKernel.java> DECOMPILE 1100/4763 success=1100 failed=0  
2026-09-11 10:24:14 INFO  (GhidraScript) ExportKernel.java> DECOMPILE 1200/4763 success=1200 failed=0  
2026-09-11 10:24:14 INFO  (GhidraScript) ExportKernel.java> DECOMPILE 1300/4763 success=1300 failed=0  
2026-09-11 10:24:15 INFO  (GhidraScript) ExportKernel.java> DECOMPILE 1400/4763 success=1400 failed=0  
2026-09-11 10:24:16 INFO  (GhidraScript) ExportKernel.java> DECOMPILE 1500/4763 success=1500 failed=0  
2026-09-11 10:24:16 INFO  (GhidraScript) ExportKernel.java> DECOMPILE 1600/4763 success=1600 failed=0  
2026-09-11 10:24:17 INFO  (GhidraScript) ExportKernel.java> DECOMPILE 1700/4763 success=1700 failed=0  
2026-09-11 10:24:17 INFO  (GhidraScript) ExportKernel.java> DECOMPILE 1800/4763 success=1800 failed=0  
2026-09-11 10:24:18 INFO  (GhidraScript) ExportKernel.java> DECOMPILE 1900/4763 success=1900 failed=0  
2026-09-11 10:24:18 INFO  (GhidraScript) ExportKernel.java> DECOMPILE 2000/4763 success=2000 failed=0  
2026-09-11 10:24:19 INFO  (GhidraScript) ExportKernel.java> DECOMPILE 2100/4763 success=2100 failed=0  
2026-09-11 10:24:20 INFO  (GhidraScript) ExportKernel.java> DECOMPILE 2200/4763 success=2200 failed=0  
2026-09-11 10:24:20 INFO  (GhidraScript) ExportKernel.java> DECOMPILE 2300/4763 success=2300 failed=0  
2026-09-11 10:24:21 INFO  (GhidraScript) ExportKernel.java> DECOMPILE 2400/4763 success=2400 failed=0  
2026-09-11 10:24:21 INFO  (GhidraScript) ExportKernel.java> DECOMPILE 2500/4763 success=2500 failed=0  
2026-09-11 10:24:21 INFO  (GhidraScript) ExportKernel.java> DECOMPILE 2600/4763 success=2600 failed=0  
2026-09-11 10:24:21 INFO  (GhidraScript) ExportKernel.java> DECOMPILE 2700/4763 success=2700 failed=0  
2026-09-11 10:24:22 INFO  (GhidraScript) ExportKernel.java> DECOMPILE 2800/4763 success=2800 failed=0  
2026-09-11 10:24:22 INFO  (GhidraScript) ExportKernel.java> DECOMPILE 2900/4763 success=2900 failed=0  
2026-09-11 10:24:22 INFO  (GhidraScript) ExportKernel.java> DECOMPILE 3000/4763 success=3000 failed=0  
2026-09-11 10:24:23 INFO  (GhidraScript) ExportKernel.java> DECOMPILE 3100/4763 success=3100 failed=0  
2026-09-11 10:24:23 INFO  (GhidraScript) ExportKernel.java> DECOMPILE 3200/4763 success=3200 failed=0  
2026-09-11 10:24:24 INFO  (GhidraScript) ExportKernel.java> DECOMPILE 3300/4763 success=3300 failed=0  
2026-09-11 10:24:25 INFO  (GhidraScript) ExportKernel.java> DECOMPILE 3400/4763 success=3400 failed=0  
2026-09-11 10:24:25 INFO  (GhidraScript) ExportKernel.java> DECOMPILE 3500/4763 success=3500 failed=0  
2026-09-11 10:24:25 INFO  (GhidraScript) ExportKernel.java> DECOMPILE 3600/4763 success=3600 failed=0  
2026-09-11 10:24:25 INFO  (GhidraScript) ExportKernel.java> DECOMPILE 3700/4763 success=3700 failed=0  
2026-09-11 10:24:26 INFO  (GhidraScript) ExportKernel.java> DECOMPILE 3800/4763 success=3800 failed=0  
2026-09-11 10:24:26 INFO  (GhidraScript) ExportKernel.java> DECOMPILE 3900/4763 success=3900 failed=0  
2026-09-11 10:24:27 INFO  (GhidraScript) ExportKernel.java> DECOMPILE 4000/4763 success=4000 failed=0  
2026-09-11 10:24:27 INFO  (GhidraScript) ExportKernel.java> DECOMPILE 4100/4763 success=4100 failed=0  
2026-09-11 10:24:28 INFO  (GhidraScript) ExportKernel.java> DECOMPILE 4200/4763 success=4200 failed=0  
2026-09-11 10:24:28 INFO  (GhidraScript) ExportKernel.java> DECOMPILE 4300/4763 success=4300 failed=0  
2026-09-11 10:24:29 INFO  (GhidraScript) ExportKernel.java> DECOMPILE 4400/4763 success=4400 failed=0  
2026-09-11 10:24:29 INFO  (GhidraScript) ExportKernel.java> DECOMPILE 4500/4763 success=4500 failed=0  
2026-09-11 10:24:29 INFO  (GhidraScript) ExportKernel.java> DECOMPILE 4600/4763 success=4600 failed=0  
2026-09-11 10:24:30 INFO  (GhidraScript) ExportKernel.java> DECOMPILE 4700/4763 success=4700 failed=0  
2026-09-11 10:24:30 INFO  (GhidraScript) ExportKernel.java> EXPORT FINISHED: functions=4763 decompiled=4763 failed=0  
2026-09-11 10:24:31 INFO  (HeadlessAnalyzer) REPORT: Save succeeded for processed file: /mach_kernel  
