2026-09-11 10:34:56 INFO  (LoggingInitialization) Using log config file: jar:file:/home/onion/ghidra_12.1_PUBLIC/Ghidra/Framework/Generic/lib/Generic.jar!/generic.log4j.xml  
2026-09-11 10:34:56 INFO  (LoggingInitialization) Using log file: 04_ghidra/notes/full-pass5.log  
2026-09-11 10:34:56 DEBUG (GhidraObjectInputFilter) Including serial input filter: FileSystem/data/client.rmi.serial.filter  
2026-09-11 10:34:56 INFO  (Preferences) Loading user preferences: /mnt/USERS/onion/DATA_ORIGN/Workspace/NeXT_DRIVER/openstep-kernel-remade/04_ghidra/projects/runtime/settings/onion-ghidra/ghidra_12.1_PUBLIC/preferences  
2026-09-11 10:34:56 INFO  (ClassSearcher) Searching for classes...  
2026-09-11 10:34:57 INFO  (ClassSearcher) Class search complete (895 ms)  
2026-09-11 10:34:57 INFO  (DefaultSSLContextInitializer) Initializing SSL Context  
2026-09-11 10:34:57 INFO  (SecureRandomFactory) Initializing Random Number Generator...  
2026-09-11 10:34:57 INFO  (SecureRandomFactory) Random Number Generator initialization complete: NativePRNGNonBlocking  
2026-09-11 10:34:57 INFO  (DefaultTrustManagerFactory) Trust manager disabled, cacerts have not been set  
2026-09-11 10:34:58 INFO  (AnalyzeHeadless) Headless startup complete (1792 ms)  
2026-09-11 10:34:58 INFO  (ClassSearcher) Class searcher loaded 59 extension points (20 false positives)  
2026-09-11 10:34:58 INFO  (HeadlessAnalyzer) HEADLESS Script Paths:
    /home/onion/ghidra_12.1_PUBLIC/Ghidra/Features/PyGhidra/ghidra_scripts
    /home/onion/ghidra_12.1_PUBLIC/Ghidra/Features/MicrosoftCodeAnalyzer/ghidra_scripts
    /home/onion/ghidra_12.1_PUBLIC/Ghidra/Features/PDB/ghidra_scripts
    /home/onion/ghidra_12.1_PUBLIC/Ghidra/Features/VersionTracking/ghidra_scripts
    /home/onion/ghidra_12.1_PUBLIC/Ghidra/Debug/Debugger-rmi-trace/ghidra_scripts
    /home/onion/ghidra_12.1_PUBLIC/Ghidra/Debug/Debugger/ghidra_scripts
    /home/onion/ghidra_12.1_PUBLIC/Ghidra/Processors/PIC/ghidra_scripts
    /mnt/USERS/onion/DATA_ORIGN/Workspace/NeXT_DRIVER/openstep-kernel-remade/10_tools/ghidra
    /home/onion/ghidra_12.1_PUBLIC/Ghidra/Extensions/ghidra_sega_ldr/ghidra_scripts
    /home/onion/ghidra_12.1_PUBLIC/Ghidra/Features/GnuDemangler/ghidra_scripts
    /home/onion/ghidra_12.1_PUBLIC/Ghidra/Processors/Atmel/ghidra_scripts
    /home/onion/ghidra_12.1_PUBLIC/Ghidra/Processors/JVM/ghidra_scripts
    /home/onion/ghidra_12.1_PUBLIC/Ghidra/Processors/DATA/ghidra_scripts
    /home/onion/ghidra_12.1_PUBLIC/Ghidra/Features/SystemEmulation/ghidra_scripts
    /home/onion/ghidra_12.1_PUBLIC/Ghidra/Features/BSim/ghidra_scripts
    /home/onion/ghidra_12.1_PUBLIC/Ghidra/Features/WildcardAssembler/ghidra_scripts
    /home/onion/ghidra_12.1_PUBLIC/Ghidra/Features/FileFormats/ghidra_scripts
    /home/onion/ghidra_12.1_PUBLIC/Ghidra/Processors/8051/ghidra_scripts
    /home/onion/ghidra_scripts
    /home/onion/ghidra_12.1_PUBLIC/Ghidra/Features/SwiftDemangler/ghidra_scripts
    /home/onion/ghidra_12.1_PUBLIC/Ghidra/Features/DecompilerDependent/ghidra_scripts
    /home/onion/ghidra_12.1_PUBLIC/Ghidra/Features/FunctionID/ghidra_scripts
    /home/onion/ghidra_12.1_PUBLIC/Ghidra/Features/BytePatterns/ghidra_scripts
    /home/onion/ghidra_12.1_PUBLIC/Ghidra/Features/Base/ghidra_scripts
    /home/onion/ghidra_12.1_PUBLIC/Ghidra/Features/Decompiler/ghidra_scripts  
2026-09-11 10:34:58 INFO  (HeadlessAnalyzer) HEADLESS: execution starts  
2026-09-11 10:34:58 INFO  (HeadlessAnalyzer) Opening existing project: /mnt/USERS/onion/DATA_ORIGN/Workspace/NeXT_DRIVER/openstep-kernel-remade/04_ghidra/projects/x86-full  
2026-09-11 10:34:58 INFO  (HeadlessProject) Opening project: /mnt/USERS/onion/DATA_ORIGN/Workspace/NeXT_DRIVER/openstep-kernel-remade/04_ghidra/projects/x86-full  
2026-09-11 10:34:59 INFO  (HeadlessAnalyzer) REPORT: Processing project file: /mach_kernel  
2026-09-11 10:34:59 INFO  (HeadlessAnalyzer) REPORT: Execute script: MarkPointerArrays.java '/mnt/USERS/onion/DATA_ORIGN/Workspace/NeXT_DRIVER/openstep-kernel-remade'   
2026-09-11 10:35:00 INFO  (HeadlessAnalyzer) SCRIPT: /mnt/USERS/onion/DATA_ORIGN/Workspace/NeXT_DRIVER/openstep-kernel-remade/10_tools/ghidra/MarkPointerArrays.java  
2026-09-11 10:35:00 INFO  (GhidraScript) MarkPointerArrays.java> Remaining code-address arrays typed; original bytes unchanged  
2026-09-11 10:35:00 INFO  (HeadlessAnalyzer) REPORT: Execute script: ExportKernel.java '/mnt/USERS/onion/DATA_ORIGN/Workspace/NeXT_DRIVER/openstep-kernel-remade/04_ghidra/exports/x86/full-pass5'   
2026-09-11 10:35:00 INFO  (HeadlessAnalyzer) SCRIPT: /mnt/USERS/onion/DATA_ORIGN/Workspace/NeXT_DRIVER/openstep-kernel-remade/10_tools/ghidra/ExportKernel.java  
2026-09-11 10:35:03 INFO  (GhidraScript) ExportKernel.java> Whole-program listing exported: 457431 code units  
2026-09-11 10:35:05 INFO  (GhidraScript) ExportKernel.java> DECOMPILE 100/5253 success=100 failed=0  
2026-09-11 10:35:05 INFO  (GhidraScript) ExportKernel.java> DECOMPILE 200/5253 success=200 failed=0  
2026-09-11 10:35:06 INFO  (GhidraScript) ExportKernel.java> DECOMPILE 300/5253 success=300 failed=0  
2026-09-11 10:35:07 INFO  (GhidraScript) ExportKernel.java> DECOMPILE 400/5253 success=400 failed=0  
2026-09-11 10:35:07 INFO  (GhidraScript) ExportKernel.java> DECOMPILE 500/5253 success=500 failed=0  
2026-09-11 10:35:08 INFO  (GhidraScript) ExportKernel.java> DECOMPILE 600/5253 success=600 failed=0  
2026-09-11 10:35:08 INFO  (GhidraScript) ExportKernel.java> DECOMPILE 700/5253 success=700 failed=0  
2026-09-11 10:35:09 INFO  (GhidraScript) ExportKernel.java> DECOMPILE 800/5253 success=800 failed=0  
2026-09-11 10:35:10 INFO  (GhidraScript) ExportKernel.java> DECOMPILE 900/5253 success=900 failed=0  
2026-09-11 10:35:11 INFO  (GhidraScript) ExportKernel.java> DECOMPILE 1000/5253 success=1000 failed=0  
2026-09-11 10:35:11 INFO  (GhidraScript) ExportKernel.java> DECOMPILE 1100/5253 success=1100 failed=0  
2026-09-11 10:35:12 INFO  (GhidraScript) ExportKernel.java> DECOMPILE 1200/5253 success=1200 failed=0  
2026-09-11 10:35:12 INFO  (GhidraScript) ExportKernel.java> DECOMPILE 1300/5253 success=1300 failed=0  
2026-09-11 10:35:13 INFO  (GhidraScript) ExportKernel.java> DECOMPILE 1400/5253 success=1400 failed=0  
2026-09-11 10:35:14 INFO  (GhidraScript) ExportKernel.java> DECOMPILE 1500/5253 success=1500 failed=0  
2026-09-11 10:35:15 INFO  (GhidraScript) ExportKernel.java> DECOMPILE 1600/5253 success=1600 failed=0  
2026-09-11 10:35:16 INFO  (GhidraScript) ExportKernel.java> DECOMPILE 1700/5253 success=1700 failed=0  
2026-09-11 10:35:16 INFO  (GhidraScript) ExportKernel.java> DECOMPILE 1800/5253 success=1800 failed=0  
2026-09-11 10:35:16 INFO  (GhidraScript) ExportKernel.java> DECOMPILE 1900/5253 success=1900 failed=0  
2026-09-11 10:35:17 INFO  (GhidraScript) ExportKernel.java> DECOMPILE 2000/5253 success=2000 failed=0  
2026-09-11 10:35:17 INFO  (GhidraScript) ExportKernel.java> DECOMPILE 2100/5253 success=2100 failed=0  
2026-09-11 10:35:18 INFO  (GhidraScript) ExportKernel.java> DECOMPILE 2200/5253 success=2200 failed=0  
2026-09-11 10:35:19 INFO  (GhidraScript) ExportKernel.java> DECOMPILE 2300/5253 success=2300 failed=0  
2026-09-11 10:35:19 INFO  (GhidraScript) ExportKernel.java> DECOMPILE 2400/5253 success=2400 failed=0  
2026-09-11 10:35:21 INFO  (GhidraScript) ExportKernel.java> DECOMPILE 2500/5253 success=2500 failed=0  
2026-09-11 10:35:22 INFO  (GhidraScript) ExportKernel.java> DECOMPILE 2600/5253 success=2600 failed=0  
2026-09-11 10:35:22 INFO  (GhidraScript) ExportKernel.java> DECOMPILE 2700/5253 success=2700 failed=0  
2026-09-11 10:35:23 INFO  (GhidraScript) ExportKernel.java> DECOMPILE 2800/5253 success=2800 failed=0  
2026-09-11 10:35:23 INFO  (GhidraScript) ExportKernel.java> DECOMPILE 2900/5253 success=2900 failed=0  
2026-09-11 10:35:23 INFO  (GhidraScript) ExportKernel.java> DECOMPILE 3000/5253 success=3000 failed=0  
2026-09-11 10:35:23 INFO  (GhidraScript) ExportKernel.java> DECOMPILE 3100/5253 success=3100 failed=0  
2026-09-11 10:35:23 INFO  (GhidraScript) ExportKernel.java> DECOMPILE 3200/5253 success=3200 failed=0  
2026-09-11 10:35:24 INFO  (GhidraScript) ExportKernel.java> DECOMPILE 3300/5253 success=3300 failed=0  
2026-09-11 10:35:24 INFO  (GhidraScript) ExportKernel.java> DECOMPILE 3400/5253 success=3400 failed=0  
2026-09-11 10:35:25 INFO  (GhidraScript) ExportKernel.java> DECOMPILE 3500/5253 success=3500 failed=0  
2026-09-11 10:35:25 INFO  (GhidraScript) ExportKernel.java> DECOMPILE 3600/5253 success=3600 failed=0  
2026-09-11 10:35:27 INFO  (GhidraScript) ExportKernel.java> DECOMPILE 3700/5253 success=3700 failed=0  
2026-09-11 10:35:27 INFO  (GhidraScript) ExportKernel.java> DECOMPILE 3800/5253 success=3800 failed=0  
2026-09-11 10:35:28 INFO  (GhidraScript) ExportKernel.java> DECOMPILE 3900/5253 success=3900 failed=0  
2026-09-11 10:35:28 INFO  (GhidraScript) ExportKernel.java> DECOMPILE 4000/5253 success=4000 failed=0  
2026-09-11 10:35:28 INFO  (GhidraScript) ExportKernel.java> DECOMPILE 4100/5253 success=4100 failed=0  
2026-09-11 10:35:28 INFO  (GhidraScript) ExportKernel.java> DECOMPILE 4200/5253 success=4200 failed=0  
2026-09-11 10:35:29 INFO  (GhidraScript) ExportKernel.java> DECOMPILE 4300/5253 success=4300 failed=0  
2026-09-11 10:35:29 INFO  (GhidraScript) ExportKernel.java> DECOMPILE 4400/5253 success=4400 failed=0  
2026-09-11 10:35:30 INFO  (GhidraScript) ExportKernel.java> DECOMPILE 4500/5253 success=4500 failed=0  
2026-09-11 10:35:30 INFO  (GhidraScript) ExportKernel.java> DECOMPILE 4600/5253 success=4600 failed=0  
2026-09-11 10:35:30 INFO  (GhidraScript) ExportKernel.java> DECOMPILE 4700/5253 success=4700 failed=0  
2026-09-11 10:35:31 INFO  (GhidraScript) ExportKernel.java> DECOMPILE 4800/5253 success=4800 failed=0  
2026-09-11 10:35:32 INFO  (GhidraScript) ExportKernel.java> DECOMPILE 4900/5253 success=4900 failed=0  
2026-09-11 10:35:32 INFO  (GhidraScript) ExportKernel.java> DECOMPILE 5000/5253 success=5000 failed=0  
2026-09-11 10:35:32 INFO  (GhidraScript) ExportKernel.java> DECOMPILE 5100/5253 success=5100 failed=0  
2026-09-11 10:35:32 INFO  (GhidraScript) ExportKernel.java> DECOMPILE 5200/5253 success=5200 failed=0  
2026-09-11 10:35:33 INFO  (GhidraScript) ExportKernel.java> EXPORT FINISHED: functions=5253 decompiled=5253 failed=0  
2026-09-11 10:35:33 INFO  (HeadlessAnalyzer) REPORT: Save succeeded for processed file: /mach_kernel  
