2026-09-11 10:15:37 INFO  (LoggingInitialization) Using log config file: jar:file:/home/onion/ghidra_12.1_PUBLIC/Ghidra/Framework/Generic/lib/Generic.jar!/generic.log4j.xml  
2026-09-11 10:15:37 INFO  (LoggingInitialization) Using log file: 04_ghidra/notes/full-pass1.log  
2026-09-11 10:15:37 DEBUG (GhidraObjectInputFilter) Including serial input filter: FileSystem/data/client.rmi.serial.filter  
2026-09-11 10:15:37 INFO  (Preferences) Loading user preferences: /tmp/openstep-ghidra-settings/onion-ghidra/ghidra_12.1_PUBLIC/preferences  
2026-09-11 10:15:37 INFO  (ClassSearcher) Searching for classes...  
2026-09-11 10:15:38 INFO  (ClassSearcher) Class search complete (914 ms)  
2026-09-11 10:15:38 INFO  (DefaultSSLContextInitializer) Initializing SSL Context  
2026-09-11 10:15:38 INFO  (SecureRandomFactory) Initializing Random Number Generator...  
2026-09-11 10:15:38 INFO  (SecureRandomFactory) Random Number Generator initialization complete: NativePRNGNonBlocking  
2026-09-11 10:15:38 INFO  (DefaultTrustManagerFactory) Trust manager disabled, cacerts have not been set  
2026-09-11 10:15:38 INFO  (FileCacheMaintenanceDaemon) Starting cache cleanup: /tmp/openstep-ghidra-cache/onion-ghidra/fscache2  
2026-09-11 10:15:38 INFO  (FileCacheMaintenanceDaemon) Finished cache cleanup, estimated storage used: 0  
2026-09-11 10:15:38 INFO  (AnalyzeHeadless) Headless startup complete (2259 ms)  
2026-09-11 10:15:38 INFO  (ClassSearcher) Class searcher loaded 59 extension points (20 false positives)  
2026-09-11 10:15:39 INFO  (HeadlessAnalyzer) HEADLESS Script Paths:
    /home/onion/ghidra_12.1_PUBLIC/Ghidra/Features/PyGhidra/ghidra_scripts
    /home/onion/ghidra_12.1_PUBLIC/Ghidra/Features/MicrosoftCodeAnalyzer/ghidra_scripts
    /home/onion/ghidra_12.1_PUBLIC/Ghidra/Features/PDB/ghidra_scripts
    /home/onion/ghidra_12.1_PUBLIC/Ghidra/Features/VersionTracking/ghidra_scripts
    /home/onion/ghidra_12.1_PUBLIC/Ghidra/Debug/Debugger-rmi-trace/ghidra_scripts
    /home/onion/ghidra_12.1_PUBLIC/Ghidra/Debug/Debugger/ghidra_scripts
    /home/onion/ghidra_12.1_PUBLIC/Ghidra/Processors/PIC/ghidra_scripts
    /mnt/USERS/onion/DATA_ORIGN/Workspace/NeXT_DRIVER/openstep-kernel-remade/10_tools/ghidra
    /home/onion/ghidra_12.1_PUBLIC/Ghidra/Extensions/ghidra_sega_ldr/ghidra_scripts
    /home/onion/ghidra_12.1_PUBLIC/Ghidra/Features/GnuDemangler/ghidra_scripts
    /home/onion/ghidra_12.1_PUBLIC/Ghidra/Processors/Atmel/ghidra_scripts
    /home/onion/ghidra_12.1_PUBLIC/Ghidra/Processors/JVM/ghidra_scripts
    /home/onion/ghidra_12.1_PUBLIC/Ghidra/Processors/DATA/ghidra_scripts
    /home/onion/ghidra_12.1_PUBLIC/Ghidra/Features/SystemEmulation/ghidra_scripts
    /home/onion/ghidra_12.1_PUBLIC/Ghidra/Features/BSim/ghidra_scripts
    /home/onion/ghidra_12.1_PUBLIC/Ghidra/Features/WildcardAssembler/ghidra_scripts
    /home/onion/ghidra_12.1_PUBLIC/Ghidra/Features/FileFormats/ghidra_scripts
    /home/onion/ghidra_12.1_PUBLIC/Ghidra/Processors/8051/ghidra_scripts
    /home/onion/ghidra_scripts
    /home/onion/ghidra_12.1_PUBLIC/Ghidra/Features/SwiftDemangler/ghidra_scripts
    /home/onion/ghidra_12.1_PUBLIC/Ghidra/Features/DecompilerDependent/ghidra_scripts
    /home/onion/ghidra_12.1_PUBLIC/Ghidra/Features/FunctionID/ghidra_scripts
    /home/onion/ghidra_12.1_PUBLIC/Ghidra/Features/BytePatterns/ghidra_scripts
    /home/onion/ghidra_12.1_PUBLIC/Ghidra/Features/Base/ghidra_scripts
    /home/onion/ghidra_12.1_PUBLIC/Ghidra/Features/Decompiler/ghidra_scripts  
2026-09-11 10:15:39 INFO  (HeadlessAnalyzer) HEADLESS: execution starts  
2026-09-11 10:15:39 INFO  (HeadlessAnalyzer) Creating project: /mnt/USERS/onion/DATA_ORIGN/Workspace/NeXT_DRIVER/openstep-kernel-remade/04_ghidra/projects/x86-full  
2026-09-11 10:15:39 DEBUG (DefaultProjectManager) No tools found; Installing default tools  
2026-09-11 10:15:39 DEBUG (DefaultProjectManager) 	no recent project directories found  
2026-09-11 10:15:39 INFO  (DefaultProject) Creating project: /mnt/USERS/onion/DATA_ORIGN/Workspace/NeXT_DRIVER/openstep-kernel-remade/04_ghidra/projects/x86-full  
2026-09-11 10:15:39 INFO  (HeadlessAnalyzer) REPORT: Processing input files:   
2026-09-11 10:15:39 INFO  (HeadlessAnalyzer)      project: /mnt/USERS/onion/DATA_ORIGN/Workspace/NeXT_DRIVER/openstep-kernel-remade/04_ghidra/projects/x86-full  
2026-09-11 10:15:39 INFO  (HeadlessAnalyzer) IMPORTING: file:///mnt/USERS/onion/DATA_ORIGN/Workspace/NeXT_DRIVER/openstep-kernel-remade/03_original/x86/binaries/mach_kernel  
2026-09-11 10:15:40 INFO  (ProgramLoader) Using Loader: Mac OS X Mach-O  
2026-09-11 10:15:40 INFO  (ProgramLoader) Using Language/Compiler: x86:LE:32:default:gcc  
2026-09-11 10:15:40 INFO  (ProgramLoader) Using Library Search Path: [., /bin, /lib, /lib64, /lib/x86_64-linux-gnu, /lib/aarch64-linux-gnu, /usr/bin, /usr/lib, /usr/X11R6/bin, /usr/X11R6/lib, /usr/java/packages/lib, /usr/lib/x86_64-linux-gnu/jni, /usr/lib/x86_64-linux-gnu, /usr/lib/jni]  
2026-09-11 10:15:41 INFO  (ProgramLoader) Additional info:
Loading file:///mnt/USERS/onion/DATA_ORIGN/Workspace/NeXT_DRIVER/openstep-kernel-remade/03_original/x86/binaries/mach_kernel?MD5=497599c8beaa57d1cc9d92fdec26dc01...
------------------------------------------------

  
2026-09-11 10:15:41 INFO  (HeadlessAnalyzer) IMPORTING: Loaded 0 additional files  
2026-09-11 10:15:41 INFO  (HeadlessAnalyzer) ANALYZING all memory and code: file:///mnt/USERS/onion/DATA_ORIGN/Workspace/NeXT_DRIVER/openstep-kernel-remade/03_original/x86/binaries/mach_kernel  
2026-09-11 10:16:01 INFO  (PackedDatabaseCache) Packed database cache: /tmp/openstep-ghidra-cache/onion-ghidra/packed-db-cache  
2026-09-11 10:16:01 DEBUG (PackedDatabaseCache) Caching packed database: /home/onion/ghidra_12.1_PUBLIC/Ghidra/Features/Base/data/typeinfo/mac_10.9/mac_osx.gdt  
2026-09-11 10:16:01 DEBUG (PackedDatabase) Unpacking database /home/onion/ghidra_12.1_PUBLIC/Ghidra/Features/Base/data/typeinfo/mac_10.9/mac_osx.gdt -> /tmp/openstep-ghidra-cache/onion-ghidra/packed-db-cache/pdbEA05FD2B/db.1.gbf  
2026-09-11 10:16:01 DEBUG (PackedDatabaseCache) Cache update completed: /home/onion/ghidra_12.1_PUBLIC/Ghidra/Features/Base/data/typeinfo/mac_10.9/mac_osx.gdt  
2026-09-11 10:16:02 INFO  (ApplyDataArchiveAnalyzer) Applied data type archive: mac_osx  
2026-09-11 10:16:10 INFO  (AutoAnalysisManager) -----------------------------------------------------
    ASCII Strings                              0.328 secs
    Apply Data Archives                        0.487 secs
    Call Convention ID                         1.698 secs
    Call-Fixup Installer                       0.035 secs
    Create Address Tables                      0.203 secs
    Create Address Tables - One Time           0.337 secs
    Create Function                            0.227 secs
    Data Reference                             0.249 secs
    Decompiler Switch Analysis                 4.602 secs
    Demangler GNU                              0.131 secs
    Disassemble                                0.846 secs
    Disassemble Entry Points                   4.430 secs
    Disassemble Entry Points - One Time        0.013 secs
    Embedded Media                             0.012 secs
    External Entry References                  0.017 secs
    Function ID                                1.852 secs
    Function Start Pre Search                  0.018 secs
    Function Start Search                      0.065 secs
    Function Start Search After Code           0.092 secs
    Function Start Search After Data           0.048 secs
    Function Start Search delayed - One Time   0.239 secs
    Mach-O Function Starts                     0.018 secs
    Non-Returning Functions - Discovered       0.438 secs
    Non-Returning Functions - Known            0.020 secs
    Reference                                  0.372 secs
    Scalar Operand References                  0.854 secs
    Shared Return Calls                        0.343 secs
    Stack                                      5.460 secs
    Subroutine References                      0.263 secs
    Subroutine References - One Time           0.000 secs
    X86 Function Callee Purge                  0.565 secs
    x86 Constant Reference Analyzer            4.869 secs
-----------------------------------------------------
     Total Time   29 secs
-----------------------------------------------------
  
2026-09-11 10:16:10 INFO  (HeadlessAnalyzer) REPORT: Analysis succeeded for file: file:///mnt/USERS/onion/DATA_ORIGN/Workspace/NeXT_DRIVER/openstep-kernel-remade/03_original/x86/binaries/mach_kernel  
2026-09-11 10:16:10 INFO  (HeadlessAnalyzer) REPORT: Execute script: ExportKernel.java '/mnt/USERS/onion/DATA_ORIGN/Workspace/NeXT_DRIVER/openstep-kernel-remade/04_ghidra/exports/x86/full-pass1'   
2026-09-11 10:16:11 INFO  (HeadlessAnalyzer) SCRIPT: /mnt/USERS/onion/DATA_ORIGN/Workspace/NeXT_DRIVER/openstep-kernel-remade/10_tools/ghidra/ExportKernel.java  
2026-09-11 10:16:13 INFO  (GhidraScript) ExportKernel.java> Whole-program listing exported: 458977 code units  
2026-09-11 10:16:14 INFO  (GhidraScript) ExportKernel.java> DECOMPILE 100/4757 success=100 failed=0  
2026-09-11 10:16:15 INFO  (GhidraScript) ExportKernel.java> DECOMPILE 200/4757 success=200 failed=0  
2026-09-11 10:16:16 INFO  (GhidraScript) ExportKernel.java> DECOMPILE 300/4757 success=300 failed=0  
2026-09-11 10:16:16 INFO  (GhidraScript) ExportKernel.java> DECOMPILE 400/4757 success=400 failed=0  
2026-09-11 10:16:17 INFO  (GhidraScript) ExportKernel.java> DECOMPILE 500/4757 success=500 failed=0  
2026-09-11 10:16:17 INFO  (GhidraScript) ExportKernel.java> DECOMPILE 600/4757 success=600 failed=0  
2026-09-11 10:16:18 INFO  (GhidraScript) ExportKernel.java> DECOMPILE 700/4757 success=700 failed=0  
2026-09-11 10:16:19 INFO  (GhidraScript) ExportKernel.java> DECOMPILE 800/4757 success=800 failed=0  
2026-09-11 10:16:19 INFO  (GhidraScript) ExportKernel.java> DECOMPILE 900/4757 success=900 failed=0  
2026-09-11 10:16:20 INFO  (GhidraScript) ExportKernel.java> DECOMPILE 1000/4757 success=1000 failed=0  
2026-09-11 10:16:21 INFO  (GhidraScript) ExportKernel.java> DECOMPILE 1100/4757 success=1100 failed=0  
2026-09-11 10:16:21 INFO  (GhidraScript) ExportKernel.java> DECOMPILE 1200/4757 success=1200 failed=0  
2026-09-11 10:16:22 INFO  (GhidraScript) ExportKernel.java> DECOMPILE 1300/4757 success=1300 failed=0  
2026-09-11 10:16:23 INFO  (GhidraScript) ExportKernel.java> DECOMPILE 1400/4757 success=1400 failed=0  
2026-09-11 10:16:24 INFO  (GhidraScript) ExportKernel.java> DECOMPILE 1500/4757 success=1500 failed=0  
2026-09-11 10:16:24 INFO  (GhidraScript) ExportKernel.java> DECOMPILE 1600/4757 success=1600 failed=0  
2026-09-11 10:16:25 INFO  (GhidraScript) ExportKernel.java> DECOMPILE 1700/4757 success=1700 failed=0  
2026-09-11 10:16:25 INFO  (GhidraScript) ExportKernel.java> DECOMPILE 1800/4757 success=1800 failed=0  
2026-09-11 10:16:25 INFO  (GhidraScript) ExportKernel.java> DECOMPILE 1900/4757 success=1900 failed=0  
2026-09-11 10:16:26 INFO  (GhidraScript) ExportKernel.java> DECOMPILE 2000/4757 success=2000 failed=0  
2026-09-11 10:16:26 INFO  (GhidraScript) ExportKernel.java> DECOMPILE 2100/4757 success=2100 failed=0  
2026-09-11 10:16:27 INFO  (GhidraScript) ExportKernel.java> DECOMPILE 2200/4757 success=2200 failed=0  
2026-09-11 10:16:28 INFO  (GhidraScript) ExportKernel.java> DECOMPILE 2300/4757 success=2300 failed=0  
2026-09-11 10:16:28 INFO  (GhidraScript) ExportKernel.java> DECOMPILE 2400/4757 success=2400 failed=0  
2026-09-11 10:16:28 INFO  (GhidraScript) ExportKernel.java> DECOMPILE 2500/4757 success=2500 failed=0  
2026-09-11 10:16:29 INFO  (GhidraScript) ExportKernel.java> DECOMPILE 2600/4757 success=2600 failed=0  
2026-09-11 10:16:29 INFO  (GhidraScript) ExportKernel.java> DECOMPILE 2700/4757 success=2700 failed=0  
2026-09-11 10:16:29 INFO  (GhidraScript) ExportKernel.java> DECOMPILE 2800/4757 success=2800 failed=0  
2026-09-11 10:16:29 INFO  (GhidraScript) ExportKernel.java> DECOMPILE 2900/4757 success=2900 failed=0  
2026-09-11 10:16:30 INFO  (GhidraScript) ExportKernel.java> DECOMPILE 3000/4757 success=3000 failed=0  
2026-09-11 10:16:30 INFO  (GhidraScript) ExportKernel.java> DECOMPILE 3100/4757 success=3100 failed=0  
2026-09-11 10:16:31 INFO  (GhidraScript) ExportKernel.java> DECOMPILE 3200/4757 success=3200 failed=0  
2026-09-11 10:16:32 INFO  (GhidraScript) ExportKernel.java> DECOMPILE 3300/4757 success=3300 failed=0  
2026-09-11 10:16:32 INFO  (GhidraScript) ExportKernel.java> DECOMPILE 3400/4757 success=3400 failed=0  
2026-09-11 10:16:32 INFO  (GhidraScript) ExportKernel.java> DECOMPILE 3500/4757 success=3500 failed=0  
2026-09-11 10:16:32 INFO  (GhidraScript) ExportKernel.java> DECOMPILE 3600/4757 success=3600 failed=0  
2026-09-11 10:16:33 INFO  (GhidraScript) ExportKernel.java> DECOMPILE 3700/4757 success=3700 failed=0  
2026-09-11 10:16:33 INFO  (GhidraScript) ExportKernel.java> DECOMPILE 3800/4757 success=3800 failed=0  
2026-09-11 10:16:34 INFO  (GhidraScript) ExportKernel.java> DECOMPILE 3900/4757 success=3900 failed=0  
2026-09-11 10:16:34 INFO  (GhidraScript) ExportKernel.java> DECOMPILE 4000/4757 success=4000 failed=0  
2026-09-11 10:16:34 INFO  (GhidraScript) ExportKernel.java> DECOMPILE 4100/4757 success=4100 failed=0  
2026-09-11 10:16:35 INFO  (GhidraScript) ExportKernel.java> DECOMPILE 4200/4757 success=4200 failed=0  
2026-09-11 10:16:35 INFO  (GhidraScript) ExportKernel.java> DECOMPILE 4300/4757 success=4300 failed=0  
2026-09-11 10:16:36 INFO  (GhidraScript) ExportKernel.java> DECOMPILE 4400/4757 success=4400 failed=0  
2026-09-11 10:16:36 INFO  (GhidraScript) ExportKernel.java> DECOMPILE 4500/4757 success=4500 failed=0  
2026-09-11 10:16:36 INFO  (GhidraScript) ExportKernel.java> DECOMPILE 4600/4757 success=4600 failed=0  
2026-09-11 10:16:37 INFO  (GhidraScript) ExportKernel.java> DECOMPILE 4700/4757 success=4700 failed=0  
2026-09-11 10:16:37 INFO  (GhidraScript) ExportKernel.java> EXPORT FINISHED: functions=4757 decompiled=4757 failed=0  
2026-09-11 10:16:37 INFO  (HeadlessAnalyzer) ANALYZING changes made by post scripts: file:///mnt/USERS/onion/DATA_ORIGN/Workspace/NeXT_DRIVER/openstep-kernel-remade/03_original/x86/binaries/mach_kernel  
2026-09-11 10:16:37 INFO  (HeadlessAnalyzer) REPORT: Post-analysis succeeded for file: file:///mnt/USERS/onion/DATA_ORIGN/Workspace/NeXT_DRIVER/openstep-kernel-remade/03_original/x86/binaries/mach_kernel  
2026-09-11 10:16:37 INFO  (LocalFileSystem) /mach_kernel: file created (onion)  
2026-09-11 10:16:37 INFO  (HeadlessAnalyzer) REPORT: Save succeeded for: /mach_kernel (x86-full:/mach_kernel)  
2026-09-11 10:16:37 INFO  (HeadlessAnalyzer) REPORT: Import succeeded  
